---
source: tests/golden_tests.rs
input_file: tests/golden_tests/compile_file/list_reverse.hvm
---
@6 = (a (b c))
& @concat ~ (d (e c))
& @cons ~ (a (@nil e))
& @reverse ~ (b d)
@8 = {6 a {4 b c}}
& @6 ~ (a (b c))
@A = (a (b (c d)))
& @cons ~ (a (e d))
& @concat ~ (b (c e))
@B = (a a)
@C = {6 a {4 b c}}
& @A ~ (a (b c))
@concat = ({2 @C {2 @B a}} a)
@cons = (a (b {2 {6 a {4 b c}} {2 * c}}))
@main = a
& @reverse ~ (b a)
& @cons ~ (#3 (c b))
& @cons ~ (#2 (d c))
& @cons ~ (#1 (@nil d))
@nil = {2 * {2 a a}}
@reverse = ({2 @8 {2 @nil a}} a)

